--------------------------------------------EXPERIMENT 2------------------------------------------------------------
-------------------------------------DDL COMMANDS - ALTER AND DROP--------------------------------------------------




1) Add a column ‘SSN’ at the first position in the table EMPLOYEE.


mysql> desc employee;
+----------+-------------+------+-----+---------+-------+
| Field    | Type        | Null | Key | Default | Extra |
+----------+-------------+------+-----+---------+-------+
| emp_id   | int(11)     | YES  |     | NULL    |       |
| name     | varchar(10) | YES  |     | NULL    |       |
| city     | varchar(15) | YES  |     | NULL    |       |
| dob      | date        | YES  |     | NULL    |       |
| adhar_no | int(11)     | YES  |     | NULL    |       |
+----------+-------------+------+-----+---------+-------+
5 rows in set (0.00 sec)

mysql> alter table employee add ssn int first;
Query OK, 0 rows affected (0.44 sec)
Records: 0  Duplicates: 0  Warnings: 0

mysql> desc employee;
+----------+-------------+------+-----+---------+-------+
| Field    | Type        | Null | Key | Default | Extra |
+----------+-------------+------+-----+---------+-------+
| ssn      | int(11)     | YES  |     | NULL    |       |
| emp_id   | int(11)     | YES  |     | NULL    |       |
| name     | varchar(10) | YES  |     | NULL    |       |
| city     | varchar(15) | YES  |     | NULL    |       |
| dob      | date        | YES  |     | NULL    |       |
| adhar_no | int(11)     | YES  |     | NULL    |       |
+----------+-------------+------+-----+---------+-------+
6 rows in set (0.00 sec)






--------------------------------------------------------------------------------------------------------------------






2) Change the data type of the column ‘DOB’  in year the table EMPLOYEE.    


mysql> alter table employee modify dob year;
Query OK, 0 rows affected (0.60 sec)
Records: 0  Duplicates: 0  Warnings: 0

mysql> desc employee;
+----------+-------------+------+-----+---------+-------+
| Field    | Type        | Null | Key | Default | Extra |
+----------+-------------+------+-----+---------+-------+
| ssn      | int(11)     | YES  |     | NULL    |       |
| emp_id   | int(11)     | YES  |     | NULL    |       |
| name     | varchar(10) | YES  |     | NULL    |       |
| city     | varchar(15) | YES  |     | NULL    |       |
| dob      | year(4)     | YES  |     | NULL    |       |
| adhar_no | int(11)     | YES  |     | NULL    |       |
+----------+-------------+------+-----+---------+-------+
6 rows in set (0.00 sec)






--------------------------------------------------------------------------------------------------------------------






3) Delete the column ‘emp_id’ the table EMPLOYEE.


mysql> alter table employee drop emp_id;
Query OK, 0 rows affected (0.55 sec)
Records: 0  Duplicates: 0  Warnings: 0

mysql> desc employee;
+----------+-------------+------+-----+---------+-------+
| Field    | Type        | Null | Key | Default | Extra |
+----------+-------------+------+-----+---------+-------+
| ssn      | int(11)     | YES  |     | NULL    |       |
| name     | varchar(10) | YES  |     | NULL    |       |
| city     | varchar(15) | YES  |     | NULL    |       |
| dob      | year(4)     | YES  |     | NULL    |       |
| adhar_no | int(11)     | YES  |     | NULL    |       |
+----------+-------------+------+-----+---------+-------+
5 rows in set (0.00 sec)






--------------------------------------------------------------------------------------------------------------------






4) Add  the constraint unique for columns ‘SSN, ‘adhar_no’ the table EMPLOYEE.


mysql> alter table employee add constraint c1 unique(ssn), add constraint c2 unique(adhar_no);
Query OK, 0 rows affected (0.31 sec)
Records: 0  Duplicates: 0  Warnings: 0

mysql> desc employee;                                                         
+----------+-------------+------+-----+---------+-------+
| Field    | Type        | Null | Key | Default | Extra |
+----------+-------------+------+-----+---------+-------+
| ssn      | int(11)     | YES  | UNI | NULL    |       |
| name     | varchar(10) | YES  |     | NULL    |       |
| city     | varchar(15) | YES  |     | NULL    |       |
| dob      | year(4)     | YES  |     | NULL    |       |
| adhar_no | int(11)     | YES  | UNI | NULL    |       |
+----------+-------------+------+-----+---------+-------+
5 rows in set (0.00 sec)






--------------------------------------------------------------------------------------------------------------------






5) Delete the NULL constraint of ‘age’ in the STUDENT table.


mysql> desc STUDENT;
+---------+-------------+------+-----+---------+-------+
| Field   | Type        | Null | Key | Default | Extra |
+---------+-------------+------+-----+---------+-------+
| roll_no | int(11)     | NO   | PRI | NULL    |       |
| name    | varchar(15) | NO   |     | NULL    |       |
| age     | int(11)     | NO   |     | NULL    |       |
| address | varchar(50) | YES  |     | NULL    |       |
| gender  | varchar(2)  | YES  |     | m       |       |
+---------+-------------+------+-----+---------+-------+
5 rows in set (0.00 sec)

mysql> alter table STUDENT modify age int null;
Query OK, 0 rows affected (0.39 sec)
Records: 0  Duplicates: 0  Warnings: 0

mysql> desc STUDENT;
+---------+-------------+------+-----+---------+-------+
| Field   | Type        | Null | Key | Default | Extra |
+---------+-------------+------+-----+---------+-------+
| roll_no | int(11)     | NO   | PRI | NULL    |       |
| name    | varchar(15) | NO   |     | NULL    |       |
| age     | int(11)     | YES  |     | NULL    |       |
| address | varchar(50) | YES  |     | NULL    |       |
| gender  | varchar(2)  | YES  |     | m       |       |
+---------+-------------+------+-----+---------+-------+
5 rows in set (0.00 sec)






--------------------------------------------------------------------------------------------------------------------






6) Change the table name EMPLOYEE as PERSON.


mysql> alter table employee rename to person;
Query OK, 0 rows affected (0.10 sec)

mysql> desc person;
+----------+-------------+------+-----+---------+-------+
| Field    | Type        | Null | Key | Default | Extra |
+----------+-------------+------+-----+---------+-------+
| ssn      | int(11)     | YES  | UNI | NULL    |       |
| name     | varchar(10) | YES  |     | NULL    |       |
| city     | varchar(15) | YES  |     | NULL    |       |
| dob      | year(4)     | YES  |     | NULL    |       |
| adhar_no | int(11)     | YES  | UNI | NULL    |       |
+----------+-------------+------+-----+---------+-------+
5 rows in set (0.00 sec)






--------------------------------------------------------------------------------------------------------------------




7) Delete the duplicate table.


mysql> drop table employee1;
Query OK, 0 rows affected (0.14 sec)

mysql> desc employee1;
ERROR 1146 (42S02): Table 'Reema.employee1' doesn't exist






//VERIFIED
